// Jest Snapshot v1, https://goo.gl/fbAQLP

exports[`examples of some things 1`] = `
<View
  pointerEvents="box-none"
  style={
    Object {
      "flex": 1,
    }
  }
>
  <View
    collapsable={true}
    pointerEvents="box-none"
    style={
      Object {
        "flex": 1,
      }
    }
  >
    <SafeAreaView>
      <ScrollView
        contentInsetAdjustmentBehavior="automatic"
      >
        <View>
          <Text
            testID="title"
          >
            HighTable
          </Text>
        </View>
      </ScrollView>
    </SafeAreaView>
  </View>
</View>
`;
